[buffetlumlua.com/index.html]
[backblue.gif]
[fade.gif]
[index.html]
[buffetlumlua.com/upload/photo/z467103627779422670950eb5b5822e10ee07d33cf61da-3719.jpg]
[buffetlumlua.com/thumbs/1080x1080x2/upload/seopage/img20230907204419-1193.jpg]
[buffetlumlua.com/thumbs/144x144x1/assets/images/noimage.png]
[buffetlumlua.com/thumbs/144x144x1/upload/photo/z467103627779422670950eb5b5822e10ee07d33cf61da-2918.jpg]
[buffetlumlua.com/assets/images/img1.png]
[buffetlumlua.com/gioi-thieu.html]
[buffetlumlua.com/san-pham.html]
[buffetlumlua.com/album.html]
[buffetlumlua.com/tin-tuc.html]
[buffetlumlua.com/chi-nhanh.html]
[buffetlumlua.com/lien-he.html]
[buffetlumlua.com/thumbs/1366x600x1/assets/images/noimage.png]
[buffetlumlua.com/thumbs/370x500x1/assets/images/noimage.png]
[buffetlumlua.com/assets/images/img2.png]
[buffetlumlua.com/upload/news/image-3-4195.png]
[buffetlumlua.com/upload/news/image-5-5217.png]
[buffetlumlua.com/upload/news/image-4-4426.png]
[buffetlumlua.com/upload/news/image-2-8340.png]
[buffetlumlua.com/bo-cuon.html]
[buffetlumlua.com/thumbs/266x266x1/assets/images/noimage.png]
[buffetlumlua.com/heo.html]
[buffetlumlua.com/15-loai-oc-khac-nhau.html]
[buffetlumlua.com/10-loai-hai-san-duoc-che-bien-gia-vi.html]
[buffetlumlua.com/mon-chien-xao.html]
[buffetlumlua.com/cac-mon-goi-an-kem.html]
[buffetlumlua.com/che.html]
[buffetlumlua.com/topping-tra-sua.html]
[buffetlumlua.com/nuoc-uong-mien-phi.html]
[buffetlumlua.com/nuoc-hoa-qua-mien-phi.html]
[buffetlumlua.com/kem-tuoi.html]
[buffetlumlua.com/hau-nuong.html]
[buffetlumlua.com/thumbs/116x116x1/assets/images/noimage.png]
[buffetlumlua.com/thumbs/1317x660x1/assets/images/noimage.png]
[buffetlumlua.com/thumbs/408x579x1/assets/images/noimage.png]
[buffetlumlua.com/thumbs/365x557x1/assets/images/noimage.png]
[buffetlumlua.com/thumbs/273x215x1/assets/images/noimage.png]
[buffetlumlua.com/thumbs/35x35x2/assets/images/noimage.png]
[buffetlumlua.com/upload/photo/z467103627779422670950eb5b5822e10ee07d33cf61da-2918.jpg]
[buffetlumlua.com/assets/caches/edd11b5f082b099b1c992c0f71787c87b34c.js]
[buffetlumlua.com/api/addons6131.html]
[buffetlumlua.com/api/addonse374.html]
[buffetlumlua.com/api/addons8088.html]
[buffetlumlua.com/index.html]
[buffetlumlua.com/api/addons8cc2.html]
[buffetlumlua.com/assets/fonts/awesome/fa-brands-400.ttf]
[buffetlumlua.com/assets/fonts/awesome/fa-duotone-900.ttf]
[buffetlumlua.com/assets/fonts/awesome/fa-light-300.ttf]
[buffetlumlua.com/assets/fonts/awesome/fa-regular-400.ttf]
[buffetlumlua.com/assets/fonts/awesome/fa-solid-900.ttf]
[buffetlumlua.com/assets/fonts/awesome/fa-thin-100.ttf]
[buffetlumlua.com/assets/fonts/awesome/fa-v4compatibility.ttf]
[buffetlumlua.com/assets/caches/fonts/bootstrap-icons44df.woff]
[buffetlumlua.com/assets/images/slick/ajax-loader.gif]
[buffetlumlua.com/assets/fonts/slick/slick.eot]
[buffetlumlua.com/assets/fonts/slick/slickd41d.eot]
[buffetlumlua.com/assets/fonts/slick/slick.woff]
[buffetlumlua.com/assets/fonts/slick/slick.ttf]
[buffetlumlua.com/assets/images/owl/owl.video.play.png]
[buffetlumlua.com/assets/fonts/Montserrat-Regular.eot]
[buffetlumlua.com/assets/fonts/Montserrat-Regular.ttf]
[buffetlumlua.com/assets/fonts/Montserrat-Bold.eot]
[buffetlumlua.com/assets/fonts/Montserrat-Bold.ttf]
[buffetlumlua.com/assets/fonts/Montserrat-SemiBold.eot]
[buffetlumlua.com/assets/fonts/Montserrat-Regulard41d.eot]
[buffetlumlua.com/assets/fonts/Montserrat-SemiBold.ttf]
[buffetlumlua.com/assets/fonts/Independence.eot]
[buffetlumlua.com/assets/fonts/Independence.ttf]
[buffetlumlua.com/assets/fonts/Ephesis-Regular.ttf]
[buffetlumlua.com/assets/images/mask-01.png]
[buffetlumlua.com/assets/images/pattern-news.png]
[buffetlumlua.com/assets/images/play.png]
[buffetlumlua.com/assets/images/bg-pro.png]
[buffetlumlua.com/assets/images/check-cart.png]
[buffetlumlua.com/assets/images/page-first.png]
[buffetlumlua.com/assets/images/page-last.png]
[buffetlumlua.com/assets/images/page-prev.png]
[buffetlumlua.com/assets/images/page-next.png]
[buffetlumlua.com/assets/images/cart-mobile.png]
[buffetlumlua.com/assets/images/bg-intro.png]
[buffetlumlua.com/assets/images/bg-feedback.png]
[buffetlumlua.com/assets/images/bg-item-fb.png]
[buffetlumlua.com/assets/images/img4.png]
[buffetlumlua.com/assets/images/bg-album.png]
[buffetlumlua.com/assets/images/img3.png]
[buffetlumlua.com/assets/fonts/Montserrat-Boldd41d.eot]
[buffetlumlua.com/assets/images/bg-form.png]
[buffetlumlua.com/assets/images/bg-footer.png]
[buffetlumlua.com/assets/caches/201dc2f53490ae9b45ddd7f5eb4d5311b34c.css]
[buffetlumlua.com/assets/fonts/Montserrat-SemiBoldd41d.eot]
[buffetlumlua.com/thumbs/1200x1600x2/upload/news/z4880174096687f969f14b57a71794ed0c1016a6cb6be4-2940.jpg]
[buffetlumlua.com/gioi-thieu.html]
[buffetlumlua.com/assets/fonts/Independenced41d.eot]
[buffetlumlua.com/thumbs/1200x1600x2/upload/seopage/img20231116204552-5862.jpg]
[buffetlumlua.com/cua.html]
[buffetlumlua.com/hai-san.html]
[buffetlumlua.com/cua-bien.html]
[buffetlumlua.com/hau-chen-nuong.html]
[buffetlumlua.com/cua-bien-an-tha-ga.html]
[buffetlumlua.com/so-huyet-va-hau.html]
[buffetlumlua.com/oc-sao.html]
[buffetlumlua.com/gan-bo-ham.html]
[buffetlumlua.com/com-chien-mi-sao-va-sup.html]
[buffetlumlua.com/rau-kep-thit-nuong.html]
[buffetlumlua.com/thit-bbq.html]
[buffetlumlua.com/quay-gia-vi.html]
[buffetlumlua.com/che-rau-cau.html]
[buffetlumlua.com/trai-cay-theo-mua.html]
[buffetlumlua.com/trai-cay-trang-mieng.html]
[buffetlumlua.com/banh-dan-gian.html]
[buffetlumlua.com/hai-san-duoc-che-bien.html]
[buffetlumlua.com/bo-kho.html]
[buffetlumlua.com/cac-mon-cho-tre-em.html]
[buffetlumlua.com/san-pham905b.html]
[buffetlumlua.com/san-pham2207.html]
[buffetlumlua.com/san-pham.html]
[buffetlumlua.com/thumbs/310x315x1/assets/images/noimage.png]
[buffetlumlua.com/album.html]
[buffetlumlua.com/tin-tuc.html]
[buffetlumlua.com/chi-nhanh.html]
[buffetlumlua.com/thumbs/1080x1440x2/upload/seopage/z46089959057263b9a501eac0b6916c32f1a8570083a67-5544.jpg]
[buffetlumlua.com/lien-he.html]
[buffetlumlua.com/thumbs/540x540x2/upload/seopage/poduct-9-6725-3063.html]
[buffetlumlua.com/thumbs/600x400x2/upload/product/cb94c5eb-69fc-478b-98bd-d758917538bb-6923.jpg]
[buffetlumlua.com/watermark/product/540x540x1/upload/product/cb94c5eb-69fc-478b-98bd-d758917538bb-6923.jpg]
[buffetlumlua.com/thumbs/540x540x1/assets/images/noimage.png]
[buffetlumlua.com/bo-cuon905b.html]
[buffetlumlua.com/bo-cuon2207.html]
[buffetlumlua.com/bo-cuon5c7e.html]
[buffetlumlua.com/bo-cuonc471.html]
[buffetlumlua.com/bo-cuon42dc.html]
[buffetlumlua.com/bo-cuonc4f7.html]
[buffetlumlua.com/bo-cuon.html]
[buffetlumlua.com/thumbs/415x415x2/upload/product/21dfe799-5639-4b9f-bfd7-c55fdc904e86-1419.jpg]
[buffetlumlua.com/watermark/product/540x540x1/upload/product/21dfe799-5639-4b9f-bfd7-c55fdc904e86-1419.jpg]
[buffetlumlua.com/heo905b.html]
[buffetlumlua.com/heo2207.html]
[buffetlumlua.com/heo5c7e.html]
[buffetlumlua.com/heoc471.html]
[buffetlumlua.com/heo42dc.html]
[buffetlumlua.com/heo.html]
[buffetlumlua.com/heoc4f7.html]
[buffetlumlua.com/thumbs/1200x1600x2/upload/product/img20231029183751-3953.jpg]
[buffetlumlua.com/watermark/product/540x540x1/upload/product/img20231029183751-3953.jpg]
[buffetlumlua.com/15-loai-oc-khac-nhau905b.html]
[buffetlumlua.com/15-loai-oc-khac-nhau5c7e.html]
[buffetlumlua.com/15-loai-oc-khac-nhauc471.html]
[buffetlumlua.com/15-loai-oc-khac-nhau42dc.html]
[buffetlumlua.com/15-loai-oc-khac-nhauc4f7.html]
[buffetlumlua.com/15-loai-oc-khac-nhau.html]
[buffetlumlua.com/thumbs/1200x1600x2/upload/product/img20231029183646-8490.jpg]
[buffetlumlua.com/watermark/product/540x540x1/upload/product/img20231029183646-8490.jpg]
[buffetlumlua.com/10-loai-hai-san-duoc-che-bien-gia-vi905b.html]
[buffetlumlua.com/10-loai-hai-san-duoc-che-bien-gia-vi2207.html]
[buffetlumlua.com/10-loai-hai-san-duoc-che-bien-gia-vi5c7e.html]
[buffetlumlua.com/10-loai-hai-san-duoc-che-bien-gia-vic471.html]
[buffetlumlua.com/10-loai-hai-san-duoc-che-bien-gia-vi42dc.html]
[buffetlumlua.com/10-loai-hai-san-duoc-che-bien-gia-vi.html]
[buffetlumlua.com/10-loai-hai-san-duoc-che-bien-gia-vic4f7.html]
[buffetlumlua.com/thumbs/1200x1600x2/upload/product/img20231029183606-8351.jpg]
[buffetlumlua.com/watermark/product/540x540x1/upload/product/img20231029183606-8351.jpg]
[buffetlumlua.com/mon-chien-xao905b.html]
[buffetlumlua.com/mon-chien-xao2207.html]
[buffetlumlua.com/mon-chien-xao5c7e.html]
[buffetlumlua.com/mon-chien-xaoc471.html]
[buffetlumlua.com/mon-chien-xao42dc.html]
[buffetlumlua.com/mon-chien-xao.html]
[buffetlumlua.com/mon-chien-xaoc4f7.html]
[buffetlumlua.com/thumbs/1200x1600x2/upload/product/img20231029183610-3914.jpg]
[buffetlumlua.com/watermark/product/540x540x1/upload/product/img20231029183610-3914.jpg]
[buffetlumlua.com/cac-mon-goi-an-kem905b.html]
[buffetlumlua.com/cac-mon-goi-an-kem2207.html]
[buffetlumlua.com/cac-mon-goi-an-kem5c7e.html]
[buffetlumlua.com/cac-mon-goi-an-kemc471.html]
[buffetlumlua.com/cac-mon-goi-an-kem42dc.html]
[buffetlumlua.com/cac-mon-goi-an-kem.html]
[buffetlumlua.com/cac-mon-goi-an-kemc4f7.html]
[buffetlumlua.com/thumbs/959x1280x2/upload/product/3f21ddc6-fc21-49db-9692-381bdc60a5f6-4802.jpg]
[buffetlumlua.com/watermark/product/540x540x1/upload/product/3f21ddc6-fc21-49db-9692-381bdc60a5f6-4802.jpg]
[buffetlumlua.com/che905b.html]
[buffetlumlua.com/che2207.html]
[buffetlumlua.com/che5c7e.html]
[buffetlumlua.com/chec471.html]
[buffetlumlua.com/che42dc.html]
[buffetlumlua.com/chec4f7.html]
[buffetlumlua.com/che.html]
[buffetlumlua.com/thumbs/1200x1600x2/upload/product/img20231116204552-2587.jpg]
[buffetlumlua.com/watermark/product/540x540x1/upload/product/img20231116204552-2587.jpg]
[buffetlumlua.com/topping-tra-sua905b.html]
[buffetlumlua.com/topping-tra-sua2207.html]
[buffetlumlua.com/topping-tra-sua5c7e.html]
[buffetlumlua.com/topping-tra-suac471.html]
[buffetlumlua.com/topping-tra-sua42dc.html]
[buffetlumlua.com/topping-tra-sua.html]
[buffetlumlua.com/topping-tra-suac4f7.html]
[buffetlumlua.com/thumbs/1200x1600x2/upload/product/img20231114194852-8432.jpg]
[buffetlumlua.com/watermark/product/540x540x1/upload/product/img20231114194852-8432.jpg]
[buffetlumlua.com/nuoc-uong-mien-phi2207.html]
[buffetlumlua.com/nuoc-uong-mien-phi5c7e.html]
[buffetlumlua.com/nuoc-uong-mien-phic471.html]
[buffetlumlua.com/nuoc-uong-mien-phi42dc.html]
[buffetlumlua.com/nuoc-uong-mien-phi.html]
[buffetlumlua.com/nuoc-uong-mien-phic4f7.html]
[buffetlumlua.com/thumbs/1200x1600x2/upload/product/img20231114194848-4238.jpg]
[buffetlumlua.com/watermark/product/540x540x1/upload/product/img20231114194848-4238.jpg]
[buffetlumlua.com/nuoc-hoa-qua-mien-phi905b.html]
[buffetlumlua.com/nuoc-hoa-qua-mien-phi2207.html]
[buffetlumlua.com/nuoc-hoa-qua-mien-phi5c7e.html]
[buffetlumlua.com/nuoc-hoa-qua-mien-phic471.html]
[buffetlumlua.com/nuoc-hoa-qua-mien-phi42dc.html]
[buffetlumlua.com/nuoc-hoa-qua-mien-phi.html]
[buffetlumlua.com/nuoc-hoa-qua-mien-phic4f7.html]
[buffetlumlua.com/thumbs/1200x1600x2/upload/product/img20231029183654-4262.jpg]
[buffetlumlua.com/watermark/product/540x540x1/upload/product/img20231029183654-4262.jpg]
[buffetlumlua.com/kem-tuoi905b.html]
[buffetlumlua.com/kem-tuoi2207.html]
[buffetlumlua.com/kem-tuoi5c7e.html]
[buffetlumlua.com/kem-tuoic471.html]
[buffetlumlua.com/kem-tuoi42dc.html]
[buffetlumlua.com/kem-tuoi.html]
[buffetlumlua.com/kem-tuoic4f7.html]
[buffetlumlua.com/thumbs/960x1280x2/upload/product/df54a909-903e-4aef-8550-a6fea9e6d2b7-7609.jpg]
[buffetlumlua.com/watermark/product/540x540x1/upload/product/df54a909-903e-4aef-8550-a6fea9e6d2b7-7609.jpg]
[buffetlumlua.com/hau-nuong905b.html]
[buffetlumlua.com/hau-nuong2207.html]
[buffetlumlua.com/hau-nuong5c7e.html]
[buffetlumlua.com/hau-nuongc471.html]
[buffetlumlua.com/hau-nuong42dc.html]
[buffetlumlua.com/hau-nuongc4f7.html]
[buffetlumlua.com/hau-nuong.html]
[buffetlumlua.com/api/addons6131.html]
[buffetlumlua.com/api/addonse374.html]
[buffetlumlua.com/api/addons8088.html]
[buffetlumlua.com/api/addons8cc2.html]
[buffetlumlua.com/assets/fonts/awesome/fa-brands-400.html]
[buffetlumlua.com/assets/fonts/awesome/fa-duotone-900.html]
[buffetlumlua.com/assets/fonts/awesome/fa-light-300.html]
[buffetlumlua.com/assets/fonts/awesome/fa-regular-400.html]
[buffetlumlua.com/assets/fonts/awesome/fa-solid-900.html]
[buffetlumlua.com/assets/fonts/awesome/fa-thin-100.html]
[buffetlumlua.com/assets/fonts/awesome/fa-v4compatibility.html]
[buffetlumlua.com/assets/caches/fonts/bootstrap-icons44df.html]
[buffetlumlua.com/assets/fonts/slick/slick.svg]
[buffetlumlua.com/assets/images/bg-intro.png]
[buffetlumlua.com/assets/images/bg-album.png]
[buffetlumlua.com/thumbs/1200x1600x2/upload/news/z4880174096687f969f14b57a71794ed0c1016a6cb6be4-2940.jpg]
[buffetlumlua.com/thumbs/1200x1600x2/upload/seopage/img20231116204552-5862.jpg]
[buffetlumlua.com/tom]
[buffetlumlua.com/thumbs/1536x2048x2/upload/product/received393988623025999-8091.da.delayed]
[buffetlumlua.com/watermark/product/540x540x1/upload/product/received393988623025999-8091.jpg]
[buffetlumlua.com/cua905b.html]
[buffetlumlua.com/cua2207.html]
[buffetlumlua.com/cua5c7e.html]
[buffetlumlua.com/cuac471.html]
[buffetlumlua.com/cua42dc.html]
[buffetlumlua.com/cuac4f7.html]
[buffetlumlua.com/cua.html]
[buffetlumlua.com/thumbs/1536x2048x2/upload/product/received7127303640681551-4257.jpeg]
[buffetlumlua.com/watermark/product/540x540x1/upload/product/received7127303640681551-4257.jpg]
[buffetlumlua.com/hai-san905b.html]
[buffetlumlua.com/hai-san2207.html]
[buffetlumlua.com/hai-san5c7e.html]
[buffetlumlua.com/hai-sanc471.html]
[buffetlumlua.com/hai-san42dc.html]
[buffetlumlua.com/hai-san.html]
[buffetlumlua.com/hai-sanc4f7.html]
[buffetlumlua.com/thumbs/1600x1200x2/upload/product/received1563434787529729-7708.jpg]
[buffetlumlua.com/watermark/product/540x540x1/upload/product/received1563434787529729-7708.jpg]
[buffetlumlua.com/cua-bien2207.html]
[buffetlumlua.com/cua-bien5c7e.html]
[buffetlumlua.com/cua-bienc471.html]
[buffetlumlua.com/cua-bien42dc.html]
[buffetlumlua.com/cua-bien.html]
[buffetlumlua.com/cua-bienc4f7.html]
[buffetlumlua.com/thumbs/1200x1600x2/upload/product/2023-09-08-16-30-45-079-2258.jpg]
[buffetlumlua.com/watermark/product/540x540x1/upload/product/2023-09-08-16-30-45-079-2258.jpg]
[buffetlumlua.com/hau-chen-nuong2207.html]
[buffetlumlua.com/hau-chen-nuong5c7e.html]
[buffetlumlua.com/hau-chen-nuongc471.html]
[buffetlumlua.com/hau-chen-nuong42dc.html]
[buffetlumlua.com/hau-chen-nuong.html]
[buffetlumlua.com/hau-chen-nuongc4f7.html]
[buffetlumlua.com/thumbs/1006x1627x2/upload/product/fbimg1694841554302-5695.jpg]
[buffetlumlua.com/watermark/product/540x540x1/upload/product/fbimg1694841554302-5695.jpg]
[buffetlumlua.com/cua-bien-an-tha-ga905b.html]
[buffetlumlua.com/cua-bien-an-tha-ga2207.html]
[buffetlumlua.com/cua-bien-an-tha-ga5c7e.html]
[buffetlumlua.com/cua-bien-an-tha-gac471.html]
[buffetlumlua.com/cua-bien-an-tha-ga42dc.html]
[buffetlumlua.com/cua-bien-an-tha-gac4f7.html]
[buffetlumlua.com/cua-bien-an-tha-ga.html]
[buffetlumlua.com/thumbs/1200x1600x2/upload/product/img20231029183756-9997.jpg]
[buffetlumlua.com/watermark/product/540x540x1/upload/product/img20231029183756-9997.jpg]
[buffetlumlua.com/so-huyet-va-hau905b.html]
[buffetlumlua.com/so-huyet-va-hau2207.html]
[buffetlumlua.com/so-huyet-va-hau5c7e.html]
[buffetlumlua.com/so-huyet-va-hauc471.html]
[buffetlumlua.com/so-huyet-va-hau42dc.html]
[buffetlumlua.com/so-huyet-va-hauc4f7.html]
[buffetlumlua.com/so-huyet-va-hau.html]
[buffetlumlua.com/thumbs/1200x1600x2/upload/product/img20231029183543-5440.jpg]
[buffetlumlua.com/watermark/product/540x540x1/upload/product/img20231029183543-5440.jpg]
[buffetlumlua.com/oc-sao905b.html]
[buffetlumlua.com/oc-sao2207.html]
[buffetlumlua.com/oc-sao5c7e.html]
[buffetlumlua.com/oc-saoc471.html]
[buffetlumlua.com/oc-sao42dc.html]
[buffetlumlua.com/oc-sao.html]
[buffetlumlua.com/oc-saoc4f7.html]
[buffetlumlua.com/thumbs/1200x1600x2/upload/product/img20231029183555-8909.jpg]
[buffetlumlua.com/watermark/product/540x540x1/upload/product/img20231029183555-8909.jpg]
[buffetlumlua.com/gan-bo-ham905b.html]
[buffetlumlua.com/gan-bo-ham2207.html]
[buffetlumlua.com/gan-bo-ham5c7e.html]
[buffetlumlua.com/gan-bo-hamc471.html]
[buffetlumlua.com/gan-bo-ham42dc.html]
[buffetlumlua.com/gan-bo-ham.html]
[buffetlumlua.com/gan-bo-hamc4f7.html]
[buffetlumlua.com/thumbs/1200x1600x2/upload/product/img20231029183645-7380.jpg]
[buffetlumlua.com/watermark/product/540x540x1/upload/product/img20231029183645-7380.jpg]
[buffetlumlua.com/com-chien-mi-sao-va-sup2207.html]
[buffetlumlua.com/com-chien-mi-sao-va-sup5c7e.html]
[buffetlumlua.com/com-chien-mi-sao-va-supc471.html]
[buffetlumlua.com/com-chien-mi-sao-va-sup42dc.html]
[buffetlumlua.com/com-chien-mi-sao-va-sup.html]
[buffetlumlua.com/com-chien-mi-sao-va-supc4f7.html]
[buffetlumlua.com/watermark/product/540x540x1/assets/images/noimage.png]
[buffetlumlua.com/rau-kep-thit-nuong905b.html]
[buffetlumlua.com/rau-kep-thit-nuong2207.html]
[buffetlumlua.com/rau-kep-thit-nuong5c7e.html]
[buffetlumlua.com/rau-kep-thit-nuongc471.html]
[buffetlumlua.com/rau-kep-thit-nuong42dc.html]
[buffetlumlua.com/rau-kep-thit-nuong.html]
[buffetlumlua.com/rau-kep-thit-nuongc4f7.html]
[buffetlumlua.com/thumbs/1200x1600x2/upload/product/img20231029183720-5002.jpg]
[buffetlumlua.com/watermark/product/540x540x1/upload/product/img20231029183720-5002.jpg]
[buffetlumlua.com/thit-bbq905b.html]
[buffetlumlua.com/thit-bbq2207.html]
[buffetlumlua.com/thit-bbq5c7e.html]
[buffetlumlua.com/thit-bbqc471.html]
[buffetlumlua.com/thit-bbq42dc.html]
[buffetlumlua.com/thit-bbq.html]
[buffetlumlua.com/thit-bbqc4f7.html]
[buffetlumlua.com/thumbs/1200x1600x2/upload/product/img20231029183714-9111.jpg]
[buffetlumlua.com/watermark/product/540x540x1/upload/product/img20231029183714-9111.jpg]
[buffetlumlua.com/quay-gia-vi905b.html]
[buffetlumlua.com/quay-gia-vi2207.html]
[buffetlumlua.com/quay-gia-vi5c7e.html]
[buffetlumlua.com/quay-gia-vic471.html]
[buffetlumlua.com/quay-gia-vi42dc.html]
[buffetlumlua.com/quay-gia-vic4f7.html]
[buffetlumlua.com/quay-gia-vi.html]
[buffetlumlua.com/thumbs/1200x1600x2/upload/product/img20231029183613-5023.jpg]
[buffetlumlua.com/watermark/product/540x540x1/upload/product/img20231029183613-5023.jpg]
[buffetlumlua.com/che-rau-cau905b.html]
[buffetlumlua.com/che-rau-cau2207.html]
[buffetlumlua.com/che-rau-cau5c7e.html]
[buffetlumlua.com/che-rau-cauc471.html]
[buffetlumlua.com/che-rau-cau42dc.html]
[buffetlumlua.com/che-rau-cau.html]
[buffetlumlua.com/che-rau-cauc4f7.html]
[buffetlumlua.com/thumbs/1200x1600x2/upload/product/img20231029183625-9475.jpg]
[buffetlumlua.com/watermark/product/540x540x1/upload/product/img20231029183625-9475.jpg]
[buffetlumlua.com/trai-cay-theo-mua2207.html]
[buffetlumlua.com/trai-cay-theo-mua5c7e.html]
[buffetlumlua.com/trai-cay-theo-muac471.html]
[buffetlumlua.com/trai-cay-theo-mua42dc.html]
[buffetlumlua.com/trai-cay-theo-mua.html]
[buffetlumlua.com/trai-cay-theo-muac4f7.html]
[buffetlumlua.com/thumbs/1200x1600x2/upload/product/img20231029183628-6242.jpg]
[buffetlumlua.com/watermark/product/540x540x1/upload/product/img20231029183628-6242.jpg]
[buffetlumlua.com/trai-cay-trang-mieng905b.html]
[buffetlumlua.com/trai-cay-trang-mieng2207.html]
[buffetlumlua.com/trai-cay-trang-mieng5c7e.html]
[buffetlumlua.com/trai-cay-trang-miengc471.html]
[buffetlumlua.com/trai-cay-trang-mieng42dc.html]
[buffetlumlua.com/trai-cay-trang-mieng.html]
[buffetlumlua.com/trai-cay-trang-miengc4f7.html]
[buffetlumlua.com/thumbs/1200x1600x2/upload/product/img20231029183641-3303.jpg]
[buffetlumlua.com/watermark/product/540x540x1/upload/product/img20231029183641-3303.jpg]
[buffetlumlua.com/banh-dan-gian2207.html]
[buffetlumlua.com/banh-dan-gian5c7e.html]
[buffetlumlua.com/banh-dan-gianc471.html]
[buffetlumlua.com/banh-dan-gian42dc.html]
[buffetlumlua.com/banh-dan-gian.html]
[buffetlumlua.com/banh-dan-gianc4f7.html]
[buffetlumlua.com/thumbs/1200x1600x2/upload/product/img20231029183649-4680.jpg]
[buffetlumlua.com/watermark/product/540x540x1/upload/product/img20231029183649-4680.jpg]
[buffetlumlua.com/hai-san-duoc-che-bien2207.html]
[buffetlumlua.com/hai-san-duoc-che-bien5c7e.html]
[buffetlumlua.com/hai-san-duoc-che-bienc471.html]
[buffetlumlua.com/hai-san-duoc-che-bien42dc.html]
[buffetlumlua.com/hai-san-duoc-che-bien.html]
[buffetlumlua.com/hai-san-duoc-che-bienc4f7.html]
[buffetlumlua.com/thumbs/1200x1600x2/upload/product/img20231029183644-2191.jpg]
[buffetlumlua.com/watermark/product/540x540x1/upload/product/img20231029183644-2191.jpg]
[buffetlumlua.com/bo-kho2207.html]
[buffetlumlua.com/bo-kho5c7e.html]
[buffetlumlua.com/bo-khoc471.html]
[buffetlumlua.com/bo-kho42dc.html]
[buffetlumlua.com/bo-kho.html]
[buffetlumlua.com/bo-khoc4f7.html]
[buffetlumlua.com/thumbs/1200x1600x2/upload/product/img20231029183608-1664.jpg]
[buffetlumlua.com/watermark/product/540x540x1/upload/product/img20231029183608-1664.jpg]
[buffetlumlua.com/cac-mon-cho-tre-em2207.html]
[buffetlumlua.com/cac-mon-cho-tre-em5c7e.html]
[buffetlumlua.com/cac-mon-cho-tre-emc471.html]
[buffetlumlua.com/cac-mon-cho-tre-em42dc.html]
[buffetlumlua.com/cac-mon-cho-tre-em.html]
[buffetlumlua.com/cac-mon-cho-tre-emc4f7.html]
[buffetlumlua.com/banh-xeo-banh-khot.html]
[buffetlumlua.com/20-loai-thit-uop-bbq-nuong.html]
[buffetlumlua.com/tom-cang-song-tai-ho.html]
[buffetlumlua.com/cua-bien-tai-ho.html]
[buffetlumlua.com/hau.html]
[buffetlumlua.com/dop.html]
[buffetlumlua.com/oc-bien.html]
[buffetlumlua.com/vu-heo-nuong-chao.html]
[buffetlumlua.com/hau-chen.html]
[buffetlumlua.com/nuoc-cham-cac-loai.html]
[buffetlumlua.com/thit-ba-chi.html]
[buffetlumlua.com/tom-cua.html]
[buffetlumlua.com/san-pham905b.html]
[buffetlumlua.com/san-phamcff1.html]
[buffetlumlua.com/thit-bo.html]
[buffetlumlua.com/muc.html]
[buffetlumlua.com/cac-loai-rau.html]
[buffetlumlua.com/cac-mon-nuong.html]
[buffetlumlua.com/trai-cay.html]
[buffetlumlua.com/cac-loai-oc.html]
[buffetlumlua.com/san-pham2207.html]
[buffetlumlua.com/thumbs/540x540x2/upload/seopage/poduct-9-6725-3063.html]
[buffetlumlua.com/bach-tuoc.html]
[buffetlumlua.com/bo-cuon905b.html]
[buffetlumlua.com/bo-cuon2207.html]
[buffetlumlua.com/bo-cuon5c7e.html]
[buffetlumlua.com/bo-cuonc471.html]
[buffetlumlua.com/bo-cuon42dc.html]
[buffetlumlua.com/bo-cuonc4f7.html]
[buffetlumlua.com/bo-cuoncff1.html]
[buffetlumlua.com/heo905b.html]
[buffetlumlua.com/heo2207.html]
[buffetlumlua.com/heo5c7e.html]
[buffetlumlua.com/heoc471.html]
[buffetlumlua.com/heo42dc.html]
[buffetlumlua.com/heoc4f7.html]
[buffetlumlua.com/heocff1.html]
[buffetlumlua.com/15-loai-oc-khac-nhau905b.html]
[buffetlumlua.com/thumbs/1200x1600x2/upload/product/img20231029183751-3953.jpg]
[buffetlumlua.com/15-loai-oc-khac-nhaucff1.html]
[buffetlumlua.com/15-loai-oc-khac-nhau5c7e.html]
[buffetlumlua.com/15-loai-oc-khac-nhauc471.html]
[buffetlumlua.com/15-loai-oc-khac-nhau42dc.html]
[buffetlumlua.com/15-loai-oc-khac-nhauc4f7.html]
[buffetlumlua.com/15-loai-oc-khac-nhau2207.html]
[buffetlumlua.com/10-loai-hai-san-duoc-che-bien-gia-vicff1.html]
[buffetlumlua.com/10-loai-hai-san-duoc-che-bien-gia-vi905b.html]
[buffetlumlua.com/10-loai-hai-san-duoc-che-bien-gia-vi2207.html]
[buffetlumlua.com/10-loai-hai-san-duoc-che-bien-gia-vi5c7e.html]
[buffetlumlua.com/10-loai-hai-san-duoc-che-bien-gia-vic471.html]
[buffetlumlua.com/10-loai-hai-san-duoc-che-bien-gia-vi42dc.html]
[buffetlumlua.com/10-loai-hai-san-duoc-che-bien-gia-vic4f7.html]
[buffetlumlua.com/mon-chien-xao905b.html]
[buffetlumlua.com/mon-chien-xao2207.html]
[buffetlumlua.com/mon-chien-xao5c7e.html]
[buffetlumlua.com/mon-chien-xaoc471.html]
[buffetlumlua.com/mon-chien-xao42dc.html]
[buffetlumlua.com/mon-chien-xaoc4f7.html]
[buffetlumlua.com/mon-chien-xaocff1.html]
[buffetlumlua.com/cac-mon-goi-an-kem905b.html]
[buffetlumlua.com/cac-mon-goi-an-kem2207.html]
[buffetlumlua.com/cac-mon-goi-an-kem5c7e.html]
[buffetlumlua.com/cac-mon-goi-an-kemc471.html]
[buffetlumlua.com/cac-mon-goi-an-kem42dc.html]
[buffetlumlua.com/cac-mon-goi-an-kemc4f7.html]
[buffetlumlua.com/cac-mon-goi-an-kemcff1.html]
[buffetlumlua.com/che905b.html]
[buffetlumlua.com/che2207.html]
[buffetlumlua.com/che5c7e.html]
[buffetlumlua.com/chec471.html]
[buffetlumlua.com/che42dc.html]
[buffetlumlua.com/chec4f7.html]
[buffetlumlua.com/checff1.html]
[buffetlumlua.com/topping-tra-sua905b.html]
[buffetlumlua.com/topping-tra-sua2207.html]
[buffetlumlua.com/topping-tra-sua5c7e.html]
[buffetlumlua.com/topping-tra-suac471.html]
[buffetlumlua.com/topping-tra-sua42dc.html]
[buffetlumlua.com/topping-tra-suac4f7.html]
[buffetlumlua.com/topping-tra-suacff1.html]
[buffetlumlua.com/nuoc-uong-mien-phi905b]
[buffetlumlua.com/nuoc-uong-mien-phicff1.html]
[buffetlumlua.com/nuoc-uong-mien-phi2207.html]
[buffetlumlua.com/nuoc-uong-mien-phi5c7e.html]
[buffetlumlua.com/nuoc-uong-mien-phic471.html]
[buffetlumlua.com/nuoc-uong-mien-phi42dc.html]
[buffetlumlua.com/nuoc-uong-mien-phic4f7.html]
[buffetlumlua.com/nuoc-hoa-qua-mien-phi905b.html]
[buffetlumlua.com/nuoc-hoa-qua-mien-phi2207.html]
[buffetlumlua.com/nuoc-hoa-qua-mien-phi5c7e.html]
[buffetlumlua.com/nuoc-hoa-qua-mien-phic471.html]
[buffetlumlua.com/nuoc-hoa-qua-mien-phi42dc.html]
[buffetlumlua.com/nuoc-hoa-qua-mien-phic4f7.html]
[buffetlumlua.com/nuoc-hoa-qua-mien-phicff1.html]
[buffetlumlua.com/kem-tuoi905b.html]
[buffetlumlua.com/kem-tuoi2207.html]
[buffetlumlua.com/kem-tuoi5c7e.html]
[buffetlumlua.com/kem-tuoic471.html]
[buffetlumlua.com/kem-tuoi42dc.html]
[buffetlumlua.com/kem-tuoic4f7.html]
[buffetlumlua.com/kem-tuoicff1.html]
[buffetlumlua.com/hau-nuong905b.html]
[buffetlumlua.com/hau-nuong2207.html]
[buffetlumlua.com/hau-nuong5c7e.html]
[buffetlumlua.com/hau-nuongc471.html]
[buffetlumlua.com/hau-nuong42dc.html]
[buffetlumlua.com/hau-nuongc4f7.html]
[buffetlumlua.com/hau-nuongcff1.html]
[buffetlumlua.com/thumbs/1152x2048x2/upload/product/received306373552384111-4325.191.delayed]
[buffetlumlua.com/watermark/product/540x540x1/upload/product/received306373552384111-4325.jpg]
[buffetlumlua.com/tom905b.html]
[buffetlumlua.com/tom2207.html]
[buffetlumlua.com/tom5c7e.html]
[buffetlumlua.com/tomc471.html]
[buffetlumlua.com/tom42dc.html]
[buffetlumlua.com/tomc4f7.html]
[buffetlumlua.com/tom]
[buffetlumlua.com/cuacff1.html]
[buffetlumlua.com/cua905b.html]
[buffetlumlua.com/cua2207.html]
[buffetlumlua.com/cua5c7e.html]
[buffetlumlua.com/cuac471.html]
[buffetlumlua.com/cua42dc.html]
[buffetlumlua.com/cuac4f7.html]
[buffetlumlua.com/thumbs/1536x2048x2/upload/product/received7127303640681551-4257.html]
[buffetlumlua.com/hai-sancff1.html]
[buffetlumlua.com/hai-san905b.html]
[buffetlumlua.com/hai-san2207.html]
[buffetlumlua.com/hai-san5c7e.html]
[buffetlumlua.com/hai-sanc471.html]
[buffetlumlua.com/hai-san42dc.html]
[buffetlumlua.com/hai-sanc4f7.html]
[buffetlumlua.com/cua-bien905b]
[buffetlumlua.com/cua-biencff1.html]
[buffetlumlua.com/cua-bien2207.html]
[buffetlumlua.com/cua-bien5c7e.html]
[buffetlumlua.com/cua-bienc471.html]
[buffetlumlua.com/cua-bien42dc.html]
[buffetlumlua.com/cua-bienc4f7.html]
[buffetlumlua.com/thumbs/1200x1600x2/upload/product/2023-09-08-16-30-45-079-2258.jpg]
[buffetlumlua.com/hau-chen-nuong905b]
[buffetlumlua.com/hau-chen-nuongcff1.html]
[buffetlumlua.com/hau-chen-nuong2207.html]
[buffetlumlua.com/hau-chen-nuong5c7e.html]
[buffetlumlua.com/hau-chen-nuongc471.html]
[buffetlumlua.com/hau-chen-nuong42dc.html]
[buffetlumlua.com/hau-chen-nuongc4f7.html]
[buffetlumlua.com/thumbs/1006x1627x2/upload/product/fbimg1694841554302-5695.jpg]
[buffetlumlua.com/cua-bien-an-tha-gacff1.html]
[buffetlumlua.com/cua-bien-an-tha-ga905b.html]
[buffetlumlua.com/cua-bien-an-tha-ga2207.html]
[buffetlumlua.com/cua-bien-an-tha-ga5c7e.html]
[buffetlumlua.com/cua-bien-an-tha-gac471.html]
[buffetlumlua.com/cua-bien-an-tha-ga42dc.html]
[buffetlumlua.com/cua-bien-an-tha-gac4f7.html]
[buffetlumlua.com/thumbs/1200x1600x2/upload/product/img20231029183756-9997.jpg]
[buffetlumlua.com/so-huyet-va-hau905b.html]
[buffetlumlua.com/so-huyet-va-hau2207.html]
[buffetlumlua.com/so-huyet-va-hau5c7e.html]
[buffetlumlua.com/so-huyet-va-hauc471.html]
[buffetlumlua.com/so-huyet-va-hau42dc.html]
[buffetlumlua.com/so-huyet-va-hauc4f7.html]
[buffetlumlua.com/so-huyet-va-haucff1.html]
[buffetlumlua.com/thumbs/1200x1600x2/upload/product/img20231029183543-5440.jpg]
[buffetlumlua.com/oc-saocff1.html]
[buffetlumlua.com/oc-sao905b.html]
[buffetlumlua.com/oc-sao2207.html]
[buffetlumlua.com/oc-sao5c7e.html]
[buffetlumlua.com/oc-saoc471.html]
[buffetlumlua.com/oc-sao42dc.html]
[buffetlumlua.com/oc-saoc4f7.html]
[buffetlumlua.com/gan-bo-hamcff1.html]
[buffetlumlua.com/gan-bo-ham905b.html]
[buffetlumlua.com/gan-bo-ham2207.html]
[buffetlumlua.com/gan-bo-ham5c7e.html]
[buffetlumlua.com/gan-bo-hamc471.html]
[buffetlumlua.com/gan-bo-ham42dc.html]
[buffetlumlua.com/gan-bo-hamc4f7.html]
[buffetlumlua.com/com-chien-mi-sao-va-sup905b]
[buffetlumlua.com/com-chien-mi-sao-va-supcff1.html]
[buffetlumlua.com/com-chien-mi-sao-va-sup2207.html]
[buffetlumlua.com/com-chien-mi-sao-va-sup5c7e.html]
[buffetlumlua.com/com-chien-mi-sao-va-supc471.html]
[buffetlumlua.com/com-chien-mi-sao-va-sup42dc.html]
[buffetlumlua.com/com-chien-mi-sao-va-supc4f7.html]
[buffetlumlua.com/watermark/product/540x540x1/upload/product/index.html]
[buffetlumlua.com/rau-kep-thit-nuongcff1.html]
[buffetlumlua.com/rau-kep-thit-nuong905b.html]
[buffetlumlua.com/rau-kep-thit-nuong2207.html]
[buffetlumlua.com/rau-kep-thit-nuong5c7e.html]
[buffetlumlua.com/rau-kep-thit-nuongc471.html]
[buffetlumlua.com/rau-kep-thit-nuong42dc.html]
[buffetlumlua.com/rau-kep-thit-nuongc4f7.html]
[buffetlumlua.com/thit-bbqcff1.html]
[buffetlumlua.com/thit-bbq905b.html]
[buffetlumlua.com/thit-bbq2207.html]
[buffetlumlua.com/thit-bbq5c7e.html]
[buffetlumlua.com/thit-bbqc471.html]
[buffetlumlua.com/thit-bbq42dc.html]
[buffetlumlua.com/thit-bbqc4f7.html]
[buffetlumlua.com/quay-gia-vicff1.html]
[buffetlumlua.com/quay-gia-vi905b.html]
[buffetlumlua.com/quay-gia-vi2207.html]
[buffetlumlua.com/quay-gia-vi5c7e.html]
[buffetlumlua.com/quay-gia-vic471.html]
[buffetlumlua.com/quay-gia-vi42dc.html]
[buffetlumlua.com/quay-gia-vic4f7.html]
[buffetlumlua.com/che-rau-caucff1.html]
[buffetlumlua.com/che-rau-cau905b.html]
[buffetlumlua.com/che-rau-cau2207.html]
[buffetlumlua.com/che-rau-cau5c7e.html]
[buffetlumlua.com/che-rau-cauc471.html]
[buffetlumlua.com/che-rau-cau42dc.html]
[buffetlumlua.com/che-rau-cauc4f7.html]
[buffetlumlua.com/trai-cay-theo-mua905b]
[buffetlumlua.com/trai-cay-theo-muacff1.html]
[buffetlumlua.com/trai-cay-theo-mua2207.html]
[buffetlumlua.com/trai-cay-theo-mua5c7e.html]
[buffetlumlua.com/trai-cay-theo-muac471.html]
[buffetlumlua.com/trai-cay-theo-mua42dc.html]
[buffetlumlua.com/trai-cay-theo-muac4f7.html]
[buffetlumlua.com/trai-cay-trang-miengcff1.html]
[buffetlumlua.com/trai-cay-trang-mieng905b.html]
[buffetlumlua.com/trai-cay-trang-mieng2207.html]
[buffetlumlua.com/trai-cay-trang-mieng5c7e.html]
[buffetlumlua.com/trai-cay-trang-miengc471.html]
[buffetlumlua.com/trai-cay-trang-mieng42dc.html]
[buffetlumlua.com/trai-cay-trang-miengc4f7.html]
[buffetlumlua.com/banh-dan-gian905b]
[buffetlumlua.com/banh-dan-giancff1.html]
[buffetlumlua.com/banh-dan-gian2207.html]
[buffetlumlua.com/banh-dan-gian5c7e.html]
[buffetlumlua.com/banh-dan-gianc471.html]
[buffetlumlua.com/banh-dan-gian42dc.html]
[buffetlumlua.com/banh-dan-gianc4f7.html]
[buffetlumlua.com/hai-san-duoc-che-bien905b]
[buffetlumlua.com/hai-san-duoc-che-biencff1.html]
[buffetlumlua.com/hai-san-duoc-che-bien2207.html]
[buffetlumlua.com/hai-san-duoc-che-bien5c7e.html]
[buffetlumlua.com/hai-san-duoc-che-bienc471.html]
[buffetlumlua.com/hai-san-duoc-che-bien42dc.html]
[buffetlumlua.com/hai-san-duoc-che-bienc4f7.html]
[buffetlumlua.com/bo-kho905b]
[buffetlumlua.com/bo-khocff1.html]
[buffetlumlua.com/bo-kho2207.html]
[buffetlumlua.com/bo-kho5c7e.html]
[buffetlumlua.com/bo-khoc471.html]
[buffetlumlua.com/bo-kho42dc.html]
[buffetlumlua.com/bo-khoc4f7.html]
[buffetlumlua.com/cac-mon-cho-tre-em905b]
[buffetlumlua.com/cac-mon-cho-tre-emcff1.html]
[buffetlumlua.com/cac-mon-cho-tre-em2207.html]
[buffetlumlua.com/cac-mon-cho-tre-em5c7e.html]
[buffetlumlua.com/cac-mon-cho-tre-emc471.html]
[buffetlumlua.com/cac-mon-cho-tre-em42dc.html]
[buffetlumlua.com/cac-mon-cho-tre-emc4f7.html]
[buffetlumlua.com/thumbs/1200x1600x2/upload/product/img20231029183612-1751.jpg]
